// Jest Snapshot v1, https://goo.gl/fbAQLP

exports[`Pruebas en el <LoginScreen /> Debe de cargar correctamente 1`] = `
Array [
  <h3
    className="auth__title txt-center mb-2"
  >
    Login
  </h3>,
  <form
    onSubmit={[Function]}
  >
    <div
      className="mb-2"
    >
      <label
        className="mb-1"
      >
        <small
          className="
          false
          
        "
        >
          Email:
        </small>
      </label>
      <div
        className="auth__input-container"
      >
        <input
          className="
            false 
            
            auth__input
          "
          name="email"
          onChange={[Function]}
          onKeyUp={[Function]}
          placeholder="Email"
          required={true}
          type="email"
          value="test@test.com"
        />
      </div>
    </div>
    <div
      className="mb-2"
    >
      <label
        className="mb-1"
      >
        <small
          className="
          false
          
        "
        >
          Password:
        </small>
      </label>
      <div
        className="auth__input-container"
      >
        <input
          className="
            false 
            
            auth__input
          "
          name="password"
          onChange={[Function]}
          onKeyUp={[Function]}
          placeholder="Password"
          required={false}
          type="password"
          value="123456"
        />
      </div>
    </div>
    <div
      className="txt-center mb-2"
    >
      <button
        className="btn btn-primary btn-block"
        disabled={false}
        type="submit"
      >
        <span>
          Login
        </span>
      </button>
    </div>
  </form>,
  <hr />,
  <div
    className="auth__social-network"
  >
    <p>
      Login with social networks
    </p>
    <div
      className="google-btn mt-2"
      onClick={[Function]}
    >
      <div
        className="google-icon-wrapper"
      >
        <img
          alt="google button"
          className="google-icon"
          src="https://upload.wikimedia.org/wikipedia/commons/5/53/Google_%22G%22_Logo.svg"
        />
      </div>
      <p
        className="btn-text"
      >
        <b>
          Sign In with Google
        </b>
      </p>
    </div>
  </div>,
  <div
    className="txt-end"
  >
    <a
      className="link"
      href="/auth/register"
      onClick={[Function]}
    >
      Create new account
    </a>
  </div>,
]
`;
